[13:28:27.855] [INFO] Storybook Upgrade - v9.1.6
[13:28:27.907] [INFO] detect-projects-spinner-start: Detecting projects...
[13:28:27.909] [DEBUG] Finding Storybook projects...
[13:28:28.133] [DEBUG] Found 1 Storybook projects
[13:28:28.134] [INFO] detect-projects-spinner: Detecting projects: 1 projects
[13:28:28.135] [DEBUG] Getting Storybook data...
[13:28:28.135] [DEBUG] Getting Storybook info...
[13:28:28.135] [DEBUG] Loading main config...
[13:28:28.313] [DEBUG] Getting stories paths...
[13:28:28.342] [DEBUG] Getting package manager...
[13:28:29.278] [DEBUG] Getting Storybook version...
[13:28:29.287] [DEBUG] D:/practicum/stellar-burgers/.storybook - Validating before version... 7.6.20
[13:28:29.287] [DEBUG] D:/practicum/stellar-burgers/.storybook - Validating upgrade compatibility...
[13:28:29.287] [DEBUG] D:/practicum/stellar-burgers/.storybook - Fetching NPM version information...
[13:28:29.288] [DEBUG] Getting CLI versions from NPM for storybook...
[13:28:29.295] [DEBUG] Getting CLI versions from NPM for storybook@next...
[13:28:30.378] [DEBUG] D:/practicum/stellar-burgers/.storybook - Evaluating blockers...
[13:28:30.381] [DEBUG] Getting installed version for @storybook/experimental-addon-test...
[13:28:34.422] [INFO] detect-projects-spinner-stop: 1 project detected
[13:28:34.422] [DEBUG] Found 1 valid projects and 0 error projects
[13:28:34.422] [INFO] Upgrading from 7.6.20 to 9.1.6
[13:28:34.460] [INFO] upgrade-dependencies-task-start: Fetching versions to update package.json files..
[13:28:34.460] [DEBUG] Updating dependencies in D:/practicum/stellar-burgers/.storybook...
[13:28:34.494] [INFO] upgrade-dependencies-task: \package.json
[13:28:34.495] [DEBUG] {
  "upgradedDependencies": []
}
[13:28:34.495] [DEBUG] {
  "upgradedDevDependencies": [
    "@storybook/addon-links@^9.1.6",
    "@storybook/addon-onboarding@^9.1.6",
    "@storybook/react@^9.1.6",
    "@storybook/react-webpack5@^9.1.6",
    "eslint-plugin-storybook@^9.1.6",
    "storybook@^9.1.6"
  ]
}
[13:28:34.495] [DEBUG] {
  "upgradedPeerDependencies": []
}
[13:28:34.504] [DEBUG] Getting CLI versions from NPM for @storybook/addon-links...
[13:28:35.342] [DEBUG] Getting CLI versions from NPM for @storybook/addon-onboarding...
[13:28:36.127] [DEBUG] Getting CLI versions from NPM for @storybook/react...
[13:28:37.008] [DEBUG] Getting CLI versions from NPM for @storybook/react-webpack5...
[13:28:37.817] [DEBUG] Getting CLI versions from NPM for eslint-plugin-storybook...
[13:28:38.602] [DEBUG] Using cached version for storybook...
[13:28:38.610] [INFO] upgrade-dependencies-task-success: Updated package versions in package.json files
[13:28:38.611] [INFO] detect-automigrations-task-start: Detecting automigrations...
[13:28:38.611] [DEBUG] Starting automigration collection across 1 projects and 15 fixes...
[13:28:38.648] [INFO] detect-automigrations-task: Checking automigrations for D:/practicum/stellar-burgers/.storybook...
[13:28:38.648] [DEBUG] Processing project: D:/practicum/stellar-burgers/.storybook
[13:28:38.648] [DEBUG] Checking fix eslintPlugin for project D:/practicum/stellar-burgers/.storybook...
[13:28:38.652] [DEBUG] Checking fix addon-mdx-gfm-remove for project D:/practicum/stellar-burgers/.storybook...
[13:28:38.653] [DEBUG] Checking fix addon-storysource-code-panel for project D:/practicum/stellar-burgers/.storybook...
[13:28:38.653] [DEBUG] Checking fix upgrade-storybook-related-dependencies for project D:/practicum/stellar-burgers/.storybook...
[13:28:38.653] [DEBUG] Checking for incompatible storybook packages...
[13:28:38.657] [DEBUG] Getting installed version for @storybook/addon-essentials...
[13:28:38.659] [DEBUG] Getting installed version for @storybook/addon-interactions...
[13:28:38.662] [DEBUG] Getting installed version for @storybook/blocks...
[13:28:38.665] [DEBUG] Getting installed version for @storybook/test...
[13:28:38.669] [DEBUG] Getting installed version for storybook-addon-react-router-v6...
[13:28:44.071] [DEBUG] An issue occurred while trying to find dependencies metadata using npm.
[13:28:44.071] [DEBUG] Getting CLI versions from NPM for @storybook/test...
[13:28:44.155] [DEBUG] An issue occurred while trying to find dependencies metadata using npm.
[13:28:44.155] [DEBUG] Getting CLI versions from NPM for @storybook/blocks...
[13:28:44.164] [DEBUG] An issue occurred while trying to find dependencies metadata using npm.
[13:28:44.164] [DEBUG] Getting CLI versions from NPM for storybook-addon-react-router-v6...
[13:28:44.174] [DEBUG] An issue occurred while trying to find dependencies metadata using npm.
[13:28:44.174] [DEBUG] Getting CLI versions from NPM for @storybook/addon-interactions...
[13:28:44.186] [DEBUG] An issue occurred while trying to find dependencies metadata using npm.
[13:28:44.186] [DEBUG] Getting CLI versions from NPM for @storybook/addon-essentials...
[13:28:45.689] [DEBUG] Checking fix initial-globals for project D:/practicum/stellar-burgers/.storybook...
[13:28:45.710] [DEBUG] Checking fix addon-a11y-addon-test for project D:/practicum/stellar-burgers/.storybook...
[13:28:45.711] [DEBUG] Checking fix consolidated-imports for project D:/practicum/stellar-burgers/.storybook...
[13:28:45.711] [DEBUG] Checking fix addon-experimental-test for project D:/practicum/stellar-burgers/.storybook...
[13:28:45.712] [DEBUG] Using cached installed version for @storybook/experimental-addon-test...
[13:28:45.712] [DEBUG] Checking fix rnstorybook-config for project D:/practicum/stellar-burgers/.storybook...
[13:28:45.712] [DEBUG] Checking fix remove-addon-interactions for project D:/practicum/stellar-burgers/.storybook...
[13:28:45.712] [DEBUG] Checking fix renderer-to-framework for project D:/practicum/stellar-burgers/.storybook...
[13:28:45.713] [DEBUG] Checking fix remove-essential-addons for project D:/practicum/stellar-burgers/.storybook...
[13:28:45.713] [DEBUG] Checking fix addon-a11y-parameters for project D:/practicum/stellar-burgers/.storybook...
[13:28:45.713] [DEBUG] Checking fix remove-docs-autodocs for project D:/practicum/stellar-burgers/.storybook...
[13:28:45.721] [DEBUG] Checking fix wrap-require for project D:/practicum/stellar-burgers/.storybook...
[13:28:45.764] [INFO] detect-automigrations-task: 
Automigrations detected:
[13:28:45.800] [INFO] detect-automigrations-task: ✔ consolidated-imports
[13:28:45.834] [INFO] detect-automigrations-task: ✔ remove-addon-interactions
[13:28:45.867] [INFO] detect-automigrations-task: ✔ renderer-to-framework
[13:28:45.901] [INFO] detect-automigrations-task: ✔ remove-essential-addons
[13:28:45.937] [INFO] detect-automigrations-task: ✔ remove-docs-autodocs
[13:28:45.938] [INFO] detect-automigrations-task-success: 5 automigration(s) detected
[13:37:22.037] [PROMPT] Select automigrations to run {"choice":["consolidated-imports","remove-addon-interactions","renderer-to-framework","remove-essential-addons","remove-docs-autodocs"]}
[13:37:22.038] [INFO] automigrate-D:/practicum/stellar-burgers/.storybook-task-start: Running automigrations for D:/practicum/stellar-burgers/.storybook
[13:37:22.086] [INFO] automigrate-D:/practicum/stellar-burgers/.storybook-task: ✔ consolidated-imports
[13:37:22.091] [DEBUG] Uninstalling @storybook/addon-interactions
[13:37:22.092] [DEBUG] Removing '@storybook/addon-interactions' from main.js addons field.
[13:37:22.135] [INFO] automigrate-D:/practicum/stellar-burgers/.storybook-task: ✔ remove-addon-interactions
[13:37:22.135] [DEBUG] 
Migrating @storybook/react to @storybook/react-webpack5
[13:37:22.141] [DEBUG] Updating package.json files...
[13:37:22.192] [INFO] automigrate-D:/practicum/stellar-burgers/.storybook-task: ✔ renderer-to-framework
[13:37:22.197] [DEBUG] Uninstalling @storybook/addon-essentials
[13:37:22.197] [DEBUG] Removing '@storybook/addon-essentials' from main.js addons field.
[13:37:22.211] [DEBUG] Getting Storybook info...
[13:37:22.212] [DEBUG] Loading main config...
[13:37:22.218] [DEBUG] Getting stories paths...
[13:37:22.219] [DEBUG] Getting package manager...
[13:37:22.225] [DEBUG] Getting Storybook version...
[13:37:22.264] [INFO] automigrate-D:/practicum/stellar-burgers/.storybook-task: Verifying @storybook/addon-docs
[13:37:22.302] [INFO] automigrate-D:/practicum/stellar-burgers/.storybook-task: Installing @storybook/addon-docs@^9.1.6
[13:37:22.302] [DEBUG] Getting CLI versions from NPM for @storybook/addon-docs...
[13:37:23.231] [INFO] automigrate-D:/practicum/stellar-burgers/.storybook-task: Adding '@storybook/addon-docs' to the "addons" field in
D:\practicum\stellar-burgers\.storybook\main.ts
[13:37:23.278] [INFO] automigrate-D:/practicum/stellar-burgers/.storybook-task: ✔ remove-essential-addons
[13:37:23.313] [INFO] automigrate-D:/practicum/stellar-burgers/.storybook-task: 🔄 Updating docs parameter in main config file...
[13:37:23.359] [INFO] automigrate-D:/practicum/stellar-burgers/.storybook-task: ✔ remove-docs-autodocs
[13:37:23.360] [INFO] automigrate-D:/practicum/stellar-burgers/.storybook-task-success: Completed automigrations for D:/practicum/stellar-burgers/.storybook
[13:37:23.360] [INFO] Installing dependencies...
[13:37:23.360] [INFO] install-dependencies-task-start: Installing dependencies...
[13:37:36.906] [INFO] added 65 packages, removed 275 packages, changed 22 packages, and audited 1591 packages in 13s
[13:37:36.947] [INFO] install-dependencies-task: added 65 packages, removed 275 packages, changed 22 packages, and
audited 1591 packages in 13s
[13:37:36.948] [INFO] 315 packages are looking for funding
  run `npm fund` for details

7 vulnerabilities (5 moderate, 2 high)

To address all issues (including breaking changes), run:
  npm audit fix --force

Run `npm audit` for details.
[13:37:36.987] [INFO] install-dependencies-task: 315 packages are looking for funding
run `npm fund` for details

7 vulnerabilities (5 moderate, 2 high)

To address all issues (including breaking changes), run:
npm audit fix --force

Run `npm audit` for details.
[13:37:36.987] [INFO] Dependencies installed
[13:37:36.987] [INFO] install-dependencies-task-success: Dependencies installed
[13:37:36.988] [INFO] Checking the health of your project(s)..
[13:37:38.379] [WARN] D:/practicum/stellar-burgers/.storybook: 1 issue found
[13:37:38.416] [INFO] You are currently using Storybook 9.1.6 but you have packages which are incompatible with it:

- storybook-addon-react-router-v6@2.0.15 which depends on ^7.0.0
 Repo: https://github.com/JesusTheHun/storybook-addon-react-router-v6#readme

Please consider updating your packages or contacting the maintainers for compatibility details.

For more on Storybook 9 compatibility, see the linked GitHub issue:
https://github.com/storybookjs/storybook/issues/30944
[13:37:38.417] [INFO] Incompatible Packages
[13:37:38.452] [INFO] You are currently using Storybook 9.1.6 but you have packages which are incompatible with it:

- storybook-addon-react-router-v6@2.0.15 which depends on ^7.0.0
 Repo: https://github.com/JesusTheHun/storybook-addon-react-router-v6#readme

Please consider updating your packages or contacting the maintainers for compatibility details.

For more on Storybook 9 compatibility, see the linked GitHub issue:
https://github.com/storybookjs/storybook/issues/30944
[13:37:38.486] [INFO] Storybook doctor is complete!
[13:37:38.520] [INFO] You can always recheck the health of your project(s) by running:
npx storybook doctor
[13:37:38.555] [INFO] The upgrade is complete!
[13:37:38.590] [INFO] Your project(s) have been upgraded successfully, but some issues were found which need your attention, please check Storybook doctor logs above.
[13:37:38.793] [INFO] If you want to learn more about the automigrations that executed in your project(s), please check the following links:

• consolidated-imports
• remove-addon-interactions
• renderer-to-framework
• remove-essential-addons
• remove-docs-autodocs
[13:37:38.828] [INFO] For a full list of changes, please check our migration guide: https://storybook.js.org/docs/migration-guide?ref=upgrade
[13:37:38.863] [INFO] Attention: Storybook now collects completely anonymous telemetry regarding usage. This information is used to shape Storybook's roadmap and prioritize features.
[13:37:38.897] [INFO] You can learn more, including how to opt-out if you'd not like to participate in this anonymous program, by visiting the following URL:
[13:37:38.933] [INFO] https://storybook.js.org/telemetry
[13:37:38.967] [INFO] 